// Vitest Snapshot v1, https://vitest.dev/guide/snapshot.html

exports[`ChordDetails component > matches snapshot 1`] = `
<DocumentFragment>
  <nav
    class="navbar navbar-light bg-faded"
  >
    <div
      class="container-fluid"
    >
      <a
        class="me-auto navbar-brand"
        href="/"
      >
        Chord Helper
      </a>
      <button
        aria-label="Toggle navigation"
        class="me-2 navbar-toggler"
        type="button"
      >
        <span
          class="navbar-toggler-icon"
        />
      </button>
      <div
        class="collapse"
      >
        <ul
          class="navbar-nav"
        >
          <li
            class="nav-item"
          >
            <a
              class=""
              href="/signup"
            >
              Sign Up
            </a>
          </li>
          <li
            class="nav-item"
          >
            <a
              class=""
              href="/login"
            >
              Login
            </a>
          </li>
        </ul>
      </div>
    </div>
  </nav>
  <div
    class="body-container"
  >
    <h1>
      Login
    </h1>
    <form
      action="/"
      method="post"
    >
      <div
        class="mb-3"
      >
        <label
          class="form-label"
          for="username"
        >
          Username:
        </label>
        <input
          autocomplete="username"
          class="form-control"
          id="username"
          name="username"
          placeholder="enter username"
          required=""
          type="text"
        />
        <label
          class="form-label"
          for="password"
        >
          Password:
        </label>
        <input
          autocomplete="current-password"
          class="form-control"
          id="password"
          name="password"
          placeholder="enter password"
          required=""
          type="password"
        />
      </div>
      <a
        class="btn btn-secondary"
        href="/"
        type="button"
      >
        Cancel
      </a>
      <button
        class="btn btn-secondary"
        id="login-btn"
        type="submit"
      >
        Login
      </button>
    </form>
  </div>
</DocumentFragment>
`;

exports[`LoginForm component > matches snapshot 1`] = `
<DocumentFragment>
  <nav
    class="navbar navbar-light bg-faded"
  >
    <div
      class="container-fluid"
    >
      <a
        class="me-auto navbar-brand"
        href="/"
      >
        Chord Helper
      </a>
      <button
        aria-label="Toggle navigation"
        class="me-2 navbar-toggler"
        type="button"
      >
        <span
          class="navbar-toggler-icon"
        />
      </button>
      <div
        class="collapse"
      >
        <ul
          class="navbar-nav"
        >
          <li
            class="nav-item"
          >
            <a
              class=""
              href="/signup"
            >
              Sign Up
            </a>
          </li>
          <li
            class="nav-item"
          >
            <a
              class=""
              href="/login"
            >
              Login
            </a>
          </li>
        </ul>
      </div>
    </div>
  </nav>
  <div
    class="body-container"
  >
    <h1>
      Login
    </h1>
    <form
      action="/"
      method="post"
    >
      <div
        class="mb-3"
      >
        <label
          class="form-label"
          for="username"
        >
          Username:
        </label>
        <input
          autocomplete="username"
          class="form-control"
          id="username"
          name="username"
          placeholder="enter username"
          required=""
          type="text"
        />
        <label
          class="form-label"
          for="password"
        >
          Password:
        </label>
        <input
          autocomplete="current-password"
          class="form-control"
          id="password"
          name="password"
          placeholder="enter password"
          required=""
          type="password"
        />
      </div>
      <a
        class="btn btn-secondary"
        href="/"
        type="button"
      >
        Cancel
      </a>
      <button
        class="btn btn-secondary"
        id="login-btn"
        type="submit"
      >
        Login
      </button>
    </form>
  </div>
</DocumentFragment>
`;
