// Vitest Snapshot v1, https://vitest.dev/guide/snapshot.html

exports[`Root component > matches snapshot 1`] = `
<DocumentFragment>
  <nav
    class="navbar navbar-light bg-faded"
  >
    <div
      class="container-fluid"
    >
      <a
        class="me-auto navbar-brand"
        href="/"
      >
        Chord Helper
      </a>
      <button
        aria-label="Toggle navigation"
        class="me-2 navbar-toggler"
        type="button"
      >
        <span
          class="navbar-toggler-icon"
        />
      </button>
      <div
        class="collapse"
      >
        <ul
          class="navbar-nav"
        >
          <li
            class="nav-item"
          >
            <a
              class=""
              href="/signup"
            >
              Sign Up
            </a>
          </li>
          <li
            class="nav-item"
          >
            <a
              class=""
              href="/login"
            >
              Login
            </a>
          </li>
        </ul>
      </div>
    </div>
  </nav>
  <div
    class="container-div"
  >
    <h1>
      Chord Assistant
    </h1>
  </div>
</DocumentFragment>
`;
