// Vitest Snapshot v1, https://vitest.dev/guide/snapshot.html

exports[`NewSong component > matches snapshot 1`] = `<DocumentFragment />`;

exports[`SongDetail component > matches snapshot 1`] = `<DocumentFragment />`;
